// Jest Snapshot v1, https://goo.gl/fbAQLP

exports[`CurrencyInput should render with BGN currency styles 1`] = `
.circuit-4 {
  color: #212933;
  display: block;
  position: relative;
  margin-bottom: 16px;
}

.circuit-0 {
  background-color: #FFFFFF;
  border-width: 1px;
  border-style: solid;
  border-color: #D8DDE1;
  border-radius: 4px;
  box-shadow: inset 0 1px 2px 0 rgba(102,113,123,0.12);
  padding: 8px 12px;
  width: 100%;
  font-size: 15px;
  line-height: 24px;
  text-align: right;
  padding-left: calc( 12px + 16px + 12px );
  padding-right: calc( 12px + 16px + 12px );
}

.circuit-0:focus,
.circuit-0:active {
  border: 1px solid #3388FF;
  outline: none;
}

.circuit-0::-webkit-input-placeholder {
  color: #9DA7B1;
}

.circuit-0::-moz-placeholder {
  color: #9DA7B1;
}

.circuit-0:-ms-input-placeholder {
  color: #9DA7B1;
}

.circuit-0::placeholder {
  color: #9DA7B1;
}

.circuit-2 {
  color: #2567D8;
  line-height: 16px;
  position: absolute;
  height: 16px;
  width: 16px;
  top: 50%;
  -webkit-transform: translateY(-50%);
  -ms-transform: translateY(-50%);
  transform: translateY(-50%);
  right: 12px;
  left: auto;
}

<div
  className="circuit-4 circuit-5"
  disabled={false}
>
  <input
    className="circuit-0 circuit-1"
    disabled={false}
    placeholder="123,45"
  />
  <span
    className="circuit-2 circuit-3"
  >
    лв.
  </span>
</div>
`;

exports[`CurrencyInput should render with USD currency styles 1`] = `
.circuit-4 {
  color: #212933;
  display: block;
  position: relative;
  margin-bottom: 16px;
}

.circuit-0 {
  background-color: #FFFFFF;
  border-width: 1px;
  border-style: solid;
  border-color: #D8DDE1;
  border-radius: 4px;
  box-shadow: inset 0 1px 2px 0 rgba(102,113,123,0.12);
  padding: 8px 12px;
  width: 100%;
  font-size: 15px;
  line-height: 24px;
  padding-left: calc( 12px + 16px + 12px );
  padding-right: calc( 12px + 16px + 12px );
}

.circuit-0:focus,
.circuit-0:active {
  border: 1px solid #3388FF;
  outline: none;
}

.circuit-0::-webkit-input-placeholder {
  color: #9DA7B1;
}

.circuit-0::-moz-placeholder {
  color: #9DA7B1;
}

.circuit-0:-ms-input-placeholder {
  color: #9DA7B1;
}

.circuit-0::placeholder {
  color: #9DA7B1;
}

.circuit-2 {
  color: #2567D8;
  line-height: 16px;
  position: absolute;
  height: 16px;
  width: 16px;
  top: 50%;
  -webkit-transform: translateY(-50%);
  -ms-transform: translateY(-50%);
  transform: translateY(-50%);
  left: 12px;
  right: auto;
}

<div
  className="circuit-4 circuit-5"
  disabled={false}
>
  <input
    className="circuit-0 circuit-1"
    disabled={false}
    placeholder="123.45"
  />
  <span
    className="circuit-2 circuit-3"
  >
    $
  </span>
</div>
`;

exports[`CurrencyInput should render with default styles 1`] = `
.circuit-4 {
  color: #212933;
  display: block;
  position: relative;
  margin-bottom: 16px;
}

.circuit-0 {
  background-color: #FFFFFF;
  border-width: 1px;
  border-style: solid;
  border-color: #D8DDE1;
  border-radius: 4px;
  box-shadow: inset 0 1px 2px 0 rgba(102,113,123,0.12);
  padding: 8px 12px;
  width: 100%;
  font-size: 15px;
  line-height: 24px;
  text-align: right;
  padding-left: calc( 12px + 16px + 12px );
  padding-right: calc( 12px + 16px + 12px );
}

.circuit-0:focus,
.circuit-0:active {
  border: 1px solid #3388FF;
  outline: none;
}

.circuit-0::-webkit-input-placeholder {
  color: #9DA7B1;
}

.circuit-0::-moz-placeholder {
  color: #9DA7B1;
}

.circuit-0:-ms-input-placeholder {
  color: #9DA7B1;
}

.circuit-0::placeholder {
  color: #9DA7B1;
}

.circuit-2 {
  color: #2567D8;
  line-height: 16px;
  position: absolute;
  height: 16px;
  width: 16px;
  top: 50%;
  -webkit-transform: translateY(-50%);
  -ms-transform: translateY(-50%);
  transform: translateY(-50%);
  right: 12px;
  left: auto;
}

<div
  className="circuit-4 circuit-5"
  disabled={false}
>
  <input
    className="circuit-0 circuit-1"
    disabled={false}
  />
  <span
    className="circuit-2 circuit-3"
  >
    €
  </span>
</div>
`;

exports[`CurrencyInput should render with disabled styles when passed the disabled prop 1`] = `
.circuit-0 {
  background-color: #FFFFFF;
  border-width: 1px;
  border-style: solid;
  border-color: #D8DDE1;
  border-radius: 4px;
  box-shadow: inset 0 1px 2px 0 rgba(102,113,123,0.12);
  padding: 8px 12px;
  width: 100%;
  font-size: 15px;
  line-height: 24px;
  text-align: right;
  padding-left: calc( 12px + 16px + 12px );
  padding-right: calc( 12px + 16px + 12px );
}

.circuit-0:focus,
.circuit-0:active {
  border: 1px solid #3388FF;
  outline: none;
}

.circuit-0::-webkit-input-placeholder {
  color: #9DA7B1;
}

.circuit-0::-moz-placeholder {
  color: #9DA7B1;
}

.circuit-0:-ms-input-placeholder {
  color: #9DA7B1;
}

.circuit-0::placeholder {
  color: #9DA7B1;
}

.circuit-2 {
  color: #2567D8;
  line-height: 16px;
  position: absolute;
  height: 16px;
  width: 16px;
  top: 50%;
  -webkit-transform: translateY(-50%);
  -ms-transform: translateY(-50%);
  transform: translateY(-50%);
  right: 12px;
  left: auto;
}

.circuit-4 {
  color: #212933;
  display: block;
  position: relative;
  margin-bottom: 16px;
  opacity: 0.5;
  pointer-events: none;
  box-shadow: none;
}

<div
  className="circuit-4 circuit-5"
  disabled={true}
>
  <input
    className="circuit-0 circuit-1"
    disabled={true}
  />
  <span
    className="circuit-2 circuit-3"
  >
    €
  </span>
</div>
`;

exports[`CurrencyInput should render with invalid styles when passed the invalid prop 1`] = `
.circuit-4 {
  color: #212933;
  display: block;
  position: relative;
  margin-bottom: 16px;
}

.circuit-2 {
  color: #2567D8;
  line-height: 16px;
  position: absolute;
  height: 16px;
  width: 16px;
  top: 50%;
  -webkit-transform: translateY(-50%);
  -ms-transform: translateY(-50%);
  transform: translateY(-50%);
  right: 12px;
  left: auto;
}

.circuit-0 {
  background-color: #FFFFFF;
  border-width: 1px;
  border-style: solid;
  border-color: #D8DDE1;
  border-radius: 4px;
  box-shadow: inset 0 1px 2px 0 rgba(102,113,123,0.12);
  padding: 8px 12px;
  width: 100%;
  font-size: 15px;
  line-height: 24px;
  text-align: right;
  padding-left: calc( 12px + 16px + 12px );
  padding-right: calc( 12px + 16px + 12px );
}

.circuit-0:focus,
.circuit-0:active {
  border: 1px solid #3388FF;
  outline: none;
}

.circuit-0::-webkit-input-placeholder {
  color: #9DA7B1;
}

.circuit-0::-moz-placeholder {
  color: #9DA7B1;
}

.circuit-0:-ms-input-placeholder {
  color: #9DA7B1;
}

.circuit-0::placeholder {
  color: #9DA7B1;
}

.circuit-0:not(:focus) {
  border-color: #FFAF9F;
}

.circuit-0:not(:focus)::-webkit-input-placeholder {
  color: #FFAF9F;
}

.circuit-0:not(:focus)::-moz-placeholder {
  color: #FFAF9F;
}

.circuit-0:not(:focus):-ms-input-placeholder {
  color: #FFAF9F;
}

.circuit-0:not(:focus)::placeholder {
  color: #FFAF9F;
}

<div
  className="circuit-4 circuit-5"
  disabled={false}
>
  <input
    className="circuit-0 circuit-1"
    disabled={false}
  />
  <span
    className="circuit-2 circuit-3"
  >
    €
  </span>
</div>
`;

exports[`CurrencyInput should render with optional styles when passed the optional prop 1`] = `
.circuit-4 {
  color: #212933;
  display: block;
  position: relative;
  margin-bottom: 16px;
}

.circuit-2 {
  color: #2567D8;
  line-height: 16px;
  position: absolute;
  height: 16px;
  width: 16px;
  top: 50%;
  -webkit-transform: translateY(-50%);
  -ms-transform: translateY(-50%);
  transform: translateY(-50%);
  right: 12px;
  left: auto;
}

.circuit-0 {
  background-color: #FFFFFF;
  border-width: 1px;
  border-style: solid;
  border-color: #D8DDE1;
  border-radius: 4px;
  box-shadow: inset 0 1px 2px 0 rgba(102,113,123,0.12);
  padding: 8px 12px;
  width: 100%;
  font-size: 15px;
  line-height: 24px;
  background-color: #FAFBFC;
  border-style: dashed;
  box-shadow: none;
  text-align: right;
  padding-left: calc( 12px + 16px + 12px );
  padding-right: calc( 12px + 16px + 12px );
}

.circuit-0:focus,
.circuit-0:active {
  border: 1px solid #3388FF;
  outline: none;
}

.circuit-0::-webkit-input-placeholder {
  color: #9DA7B1;
}

.circuit-0::-moz-placeholder {
  color: #9DA7B1;
}

.circuit-0:-ms-input-placeholder {
  color: #9DA7B1;
}

.circuit-0::placeholder {
  color: #9DA7B1;
}

<div
  className="circuit-4 circuit-5"
  disabled={false}
>
  <input
    className="circuit-0 circuit-1"
    disabled={false}
  />
  <span
    className="circuit-2 circuit-3"
  >
    €
  </span>
</div>
`;
