// Jest Snapshot v1, https://goo.gl/fbAQLP

exports[`InlineElements should render with default styles 1`] = `
.circuit-0 > * {
  width: calc( (100% - -1 * 8px) / 0 );
}

.circuit-0 > *:not(:last-of-type) {
  margin-right: 8px;
}

<div
  className="circuit-0 circuit-1"
/>
`;
